---
source: tests/snapshot_tests.rs
assertion_line: 233
expression: value
---
{
  "action_column_count": 2,
  "cover": {
    "certificate": "AUSBAUFÄHIG",
    "critical_issues": 5,
    "grade": "D",
    "score": 49,
    "total_issues": 8
  },
  "finding_count": 2,
  "finding_rule_ids": [
    "a11y.name_role.missing",
    "a11y.structure.missing"
  ],
  "module_count": 7,
  "module_names": [
    "Barrierefreiheit",
    "Journey",
    "Mobile",
    "Performance",
    "SEO",
    "Sicherheit",
    "UX"
  ],
  "severity": {
    "critical": 5,
    "high": 0,
    "low": 0,
    "medium": 3,
    "total": 8
  },
  "summary": {
    "certificate": "AUSBAUFÄHIG",
    "grade": "D",
    "maturity_label": "Kritisch",
    "score": 49
  },
  "total_action_items": 2
}
