---
source: tests/snapshot_tests.rs
assertion_line: 165
expression: value
---
{
  "certificate": "AUSBAUFÄHIG",
  "finding_count": 2,
  "finding_rule_ids": [
    "a11y.name_role.missing",
    "a11y.structure.missing"
  ],
  "grade": "D",
  "module_count": 7,
  "module_names": [
    "Accessibility",
    "Journey",
    "Mobile",
    "Performance",
    "SEO",
    "Security",
    "UX"
  ],
  "overall_score": 69,
  "score": 49,
  "severity_counts": {
    "critical": 1,
    "high": 0,
    "low": 0,
    "medium": 1,
    "total": 2
  },
  "url": "https://example.com"
}
